$ cd /etc/apache2/sites-available


# CONFIG SERVER
===================

  ServerAdmin webmaster@localhost
        ServerName symfonyskills.dev
        ServerAlias www.symfonyskills.dev
        DocumentRoot /var/www/html/symfony-skills-beginners/public

        DirectoryIndex index.php

        <Directory "/var/www/html/symfony-skills-beginners/public">
            AllowOverride All
            Order Allow,Deny
        </Directory>
         <Directory "/var/www/html/symfony-skills-beginners/public">
                    AllowOverride All
                    Order Allow,Deny
                    Allow from All

                    FallbackResource /index.php
                </Directory>

---------------------------------------
<VirtualHost *:80>
        # The ServerName directive sets the request scheme, hostname and port that
        # the server uses to identify itself. This is used when creating
        # redirection URLs. In the context of virtual hosts, the ServerName
        # specifies what hostname must appear in the request's Host: header to
        # match this virtual host. For the default virtual host (this file) this
        # value is not decisive as it is used as a last resort host regardless.
        # However, you must set it for any further virtual host explicitly.
        #ServerName www.example.com

        ServerAdmin webmaster@localhost
        ServerName symfonyskills.dev
        ServerAlias www.symfonyskills.dev
        DocumentRoot /var/www/html/symfony-skills-beginners/public

        DirectoryIndex index.php


        <Directory "/var/www/html/symfony-skills-beginners/public">
            AllowOverride All
            Order Allow,Deny
            Allow from All

            FallbackResource /index.php
        </Directory>


        # Available loglevels: trace8, ..., trace1, debug, info, notice, warn,
        # error, crit, alert, emerg.
        # It is also possible to configure the loglevel for particular
        # modules, e.g.
        #LogLevel info ssl:warn

        ErrorLog ${APACHE_LOG_DIR}/error.log
        CustomLog ${APACHE_LOG_DIR}/access.log combined

        # For most configuration files from conf-available/, which are
        # enabled or disabled at a global level, it is possible to
        # include a line for only one particular virtual host. For example the
        # following line enables the CGI configuration for this host only

        # after it has been globally disabled with "a2disconf".
        #Include conf-available/serve-cgi-bin.conf
</VirtualHost>

# vim: syntax=apache ts=4 sw=4 sts=4 sr noet

==============================================================================
PROCESS:
jeandev@jeandev-Lenovo-G580:/var/www/symfony-skills-beginners$ cd /etc/apache2/sites-available
jeandev@jeandev-Lenovo-G580:/etc/apache2/sites-available$ ls
000-default.conf  default-ssl.conf  test.conf
jeandev@jeandev-Lenovo-G580:/etc/apache2/sites-available$ ll
итого 24
drwxr-xr-x 2 root root 4096 окт  9 15:06 ./
drwxr-xr-x 8 root root 4096 окт 10 16:51 ../
-rw-r--r-- 1 root root 1332 фев  3  2019 000-default.conf
-rw-r--r-- 1 root root 6338 фев  3  2019 default-ssl.conf
-rw-r--r-- 1 root root  225 окт  9 15:06 test.conf
jeandev@jeandev-Lenovo-G580:/etc/apache2/sites-available$ cat 000-default.conf
<VirtualHost *:80>
        # The ServerName directive sets the request scheme, hostname and port that
        # the server uses to identify itself. This is used when creating
        # redirection URLs. In the context of virtual hosts, the ServerName
        # specifies what hostname must appear in the request's Host: header to
        # match this virtual host. For the default virtual host (this file) this
        # value is not decisive as it is used as a last resort host regardless.
        # However, you must set it for any further virtual host explicitly.
        #ServerName www.example.com

        ServerAdmin webmaster@localhost
        DocumentRoot /var/www/html

        # Available loglevels: trace8, ..., trace1, debug, info, notice, warn,
        # error, crit, alert, emerg.
        # It is also possible to configure the loglevel for particular
        # modules, e.g.
        #LogLevel info ssl:warn

        ErrorLog ${APACHE_LOG_DIR}/error.log
        CustomLog ${APACHE_LOG_DIR}/access.log combined

        # For most configuration files from conf-available/, which are
        # enabled or disabled at a global level, it is possible to
        # include a line for only one particular virtual host. For example the
        # following line enables the CGI configuration for this host only
        # after it has been globally disabled with "a2disconf".
        #Include conf-available/serve-cgi-bin.conf
</VirtualHost>

# vim: syntax=apache ts=4 sw=4 sts=4 sr noet
jeandev@jeandev-Lenovo-G580:/etc/apache2/sites-available$ cp 000-default.conf symfony.dev.conf
cp: невозможно создать обычный файл 'symfony.dev.conf': Отказано в доступе
jeandev@jeandev-Lenovo-G580:/etc/apache2/sites-available$ sudo cp 000-default.conf symfony.dev.conf
[sudo] пароль для jeandev:
jeandev@jeandev-Lenovo-G580:/etc/apache2/sites-available$ ll
итого 28
drwxr-xr-x 2 root root 4096 янв 29 10:44 ./
drwxr-xr-x 8 root root 4096 окт 10 16:51 ../
-rw-r--r-- 1 root root 1332 фев  3  2019 000-default.conf
-rw-r--r-- 1 root root 6338 фев  3  2019 default-ssl.conf
-rw-r--r-- 1 root root 1332 янв 29 10:44 symfony.dev.conf
-rw-r--r-- 1 root root  225 окт  9 15:06 test.conf
jeandev@jeandev-Lenovo-G580:/etc/apache2/sites-available$ cat symfony.dev.conf
<VirtualHost *:80>
        # The ServerName directive sets the request scheme, hostname and port that
        # the server uses to identify itself. This is used when creating
        # redirection URLs. In the context of virtual hosts, the ServerName
        # specifies what hostname must appear in the request's Host: header to
        # match this virtual host. For the default virtual host (this file) this
        # value is not decisive as it is used as a last resort host regardless.
        # However, you must set it for any further virtual host explicitly.
        #ServerName www.example.com

        ServerAdmin webmaster@localhost
        DocumentRoot /var/www/html

        # Available loglevels: trace8, ..., trace1, debug, info, notice, warn,
        # error, crit, alert, emerg.
        # It is also possible to configure the loglevel for particular
        # modules, e.g.
        #LogLevel info ssl:warn

        ErrorLog ${APACHE_LOG_DIR}/error.log
        CustomLog ${APACHE_LOG_DIR}/access.log combined

        # For most configuration files from conf-available/, which are
        # enabled or disabled at a global level, it is possible to
        # include a line for only one particular virtual host. For example the
        # following line enables the CGI configuration for this host only
        # after it has been globally disabled with "a2disconf".
        #Include conf-available/serve-cgi-bin.conf
</VirtualHost>

# vim: syntax=apache ts=4 sw=4 sts=4 sr noet
jeandev@jeandev-Lenovo-G580:/etc/apache2/sites-available$ cat vim symfony.dev.conf
cat: vim: Нет такого файла или каталога
<VirtualHost *:80>
        # The ServerName directive sets the request scheme, hostname and port that
        # the server uses to identify itself. This is used when creating
        # redirection URLs. In the context of virtual hosts, the ServerName
        # specifies what hostname must appear in the request's Host: header to
        # match this virtual host. For the default virtual host (this file) this
        # value is not decisive as it is used as a last resort host regardless.
        # However, you must set it for any further virtual host explicitly.
        #ServerName www.example.com

        ServerAdmin webmaster@localhost
        DocumentRoot /var/www/html

        # Available loglevels: trace8, ..., trace1, debug, info, notice, warn,
        # error, crit, alert, emerg.
        # It is also possible to configure the loglevel for particular
        # modules, e.g.
        #LogLevel info ssl:warn

        ErrorLog ${APACHE_LOG_DIR}/error.log
        CustomLog ${APACHE_LOG_DIR}/access.log combined

        # For most configuration files from conf-available/, which are
        # enabled or disabled at a global level, it is possible to
        # include a line for only one particular virtual host. For example the
        # following line enables the CGI configuration for this host only
        # after it has been globally disabled with "a2disconf".
        #Include conf-available/serve-cgi-bin.conf
</VirtualHost>

# vim: syntax=apache ts=4 sw=4 sts=4 sr noet
jeandev@jeandev-Lenovo-G580:/etc/apache2/sites-available$ nano symfony.dev.conf
<VirtualHost *:80>
        # The ServerName directive sets the request scheme, hostname and port that
        # the server uses to identify itself. This is used when creating
        # redirection URLs. In the context of virtual hosts, the ServerName
        # specifies what hostname must appear in the request's Host: header to
        # match this virtual host. For the default virtual host (this file) this
        # value is not decisive as it is used as a last resort host regardless.
        # However, you must set it for any further virtual host explicitly.
        #ServerName www.example.com

        ServerAdmin webmaster@localhost
        ServerName symfonyskills.dev
        ServerAlias www.symfonyskills.dev
        DocumentRoot /var/www/html/symfony-skills-beginners/public

        DirectoryIndex index.php


        <Directory "/var/www/html/symfony-skills-beginners/public">
            AllowOverride All
            Order Allow,Deny
            Allow from All

            FallbackResource /index.php
        </Directory>


        # Available loglevels: trace8, ..., trace1, debug, info, notice, warn,
        # error, crit, alert, emerg.
        # It is also possible to configure the loglevel for particular
        # modules, e.g.
        #LogLevel info ssl:warn

        ErrorLog ${APACHE_LOG_DIR}/error.log
        CustomLog ${APACHE_LOG_DIR}/access.log combined

        # For most configuration files from conf-available/, which are
        # enabled or disabled at a global level, it is possible to
        # include a line for only one particular virtual host. For example the
        # following line enables the CGI configuration for this host only

        # after it has been globally disabled with "a2disconf".
        #Include conf-available/serve-cgi-bin.conf
</VirtualHost>

# vim: syntax=apache ts=4 sw=4 sts=4 sr noet

---------------------------------------------------------------------
$ sudo a2ensite (for enable site)
$ sudo a2dissite (for disable site)
---------------------------------------------------------------------
Desable Default Configuration 000-default.conf for Enable symfony.conf
using next command :
(disable default site)
$ sudo a2dissite 000-default.conf

(enable symfony.dev.conf)
$ sudo a2ensite symfony.dev.conf

(reload server apache)
$ sudo systemctl reload apache2

After see to the browser "http://symfony.dev/" or "http://localhost/"
===================================================================

System change hostname:

# $ sudo vim /etc/hosts
$ sudo nano /etc/hosts


127.0.0.1       localhost
127.0.1.1       jeandev-Lenovo-G580
127.0.1.2       symfony.dev

# The following lines are desirable for IPv6 capable hosts
::1     ip6-localhost ip6-loopback


